Archive member included because of file (symbol)

d:/es/embedded system/sdk/imt_sdk_win_64/winavr/bin/../lib/gcc/avr/4.3.3/avr5\libgcc.a(_exit.o)
                              d:/es/embedded system/sdk/imt_sdk_win_64/winavr/bin/../lib/gcc/avr/4.3.3/../../../../avr/lib/avr5/crtm32.o (exit)
d:/es/embedded system/sdk/imt_sdk_win_64/winavr/bin/../lib/gcc/avr/4.3.3/avr5\libgcc.a(_copy_data.o)
                              ./UART_DRIV/UART_PROG.o (__do_copy_data)
d:/es/embedded system/sdk/imt_sdk_win_64/winavr/bin/../lib/gcc/avr/4.3.3/avr5\libgcc.a(_clear_bss.o)
                              ./UART_DRIV/UART_PROG.o (__do_clear_bss)
d:/es/embedded system/sdk/imt_sdk_win_64/winavr/bin/../lib/gcc/avr/4.3.3/../../../../avr/lib/avr5\libc.a(strcmp.o)
                              ./UART_DRIV/UART_PROG.o (strcmp)

Allocating common symbols
Common symbol       size              file

i                   0x1               ./BLUETOOTH_USERS/BLUETOOTH_USERS_program.o
s                   0x1               ./BLUETOOTH_USERS/BLUETOOTH_USERS_program.o

Memory Configuration

Name             Origin             Length             Attributes
text             0x00000000         0x00020000         xr
data             0x00800060         0x0000ffa0         rw !x
eeprom           0x00810000         0x00010000         rw !x
fuse             0x00820000         0x00000400         rw !x
lock             0x00830000         0x00000400         rw !x
signature        0x00840000         0x00000400         rw !x
*default*        0x00000000         0xffffffff

Linker script and memory map

LOAD d:/es/embedded system/sdk/imt_sdk_win_64/winavr/bin/../lib/gcc/avr/4.3.3/../../../../avr/lib/avr5/crtm32.o
LOAD ./UART_DRIV/UART_PROG.o
LOAD ./DIO/DIO_programe.o
LOAD ./BLUETOOTH_USERS/BLUETOOTH_USERS_program.o
LOAD ./main.o
LOAD d:/es/embedded system/sdk/imt_sdk_win_64/winavr/bin/../lib/gcc/avr/4.3.3/avr5\libgcc.a
LOAD d:/es/embedded system/sdk/imt_sdk_win_64/winavr/bin/../lib/gcc/avr/4.3.3/../../../../avr/lib/avr5\libc.a
LOAD d:/es/embedded system/sdk/imt_sdk_win_64/winavr/bin/../lib/gcc/avr/4.3.3/avr5\libgcc.a

.hash
 *(.hash)

.dynsym
 *(.dynsym)

.dynstr
 *(.dynstr)

.gnu.version
 *(.gnu.version)

.gnu.version_d
 *(.gnu.version_d)

.gnu.version_r
 *(.gnu.version_r)

.rel.init
 *(.rel.init)

.rela.init
 *(.rela.init)

.rel.text
 *(.rel.text)
 *(.rel.text.*)
 *(.rel.gnu.linkonce.t*)

.rela.text
 *(.rela.text)
 *(.rela.text.*)
 *(.rela.gnu.linkonce.t*)

.rel.fini
 *(.rel.fini)

.rela.fini
 *(.rela.fini)

.rel.rodata
 *(.rel.rodata)
 *(.rel.rodata.*)
 *(.rel.gnu.linkonce.r*)

.rela.rodata
 *(.rela.rodata)
 *(.rela.rodata.*)
 *(.rela.gnu.linkonce.r*)

.rel.data
 *(.rel.data)
 *(.rel.data.*)
 *(.rel.gnu.linkonce.d*)

.rela.data
 *(.rela.data)
 *(.rela.data.*)
 *(.rela.gnu.linkonce.d*)

.rel.ctors
 *(.rel.ctors)

.rela.ctors
 *(.rela.ctors)

.rel.dtors
 *(.rel.dtors)

.rela.dtors
 *(.rela.dtors)

.rel.got
 *(.rel.got)

.rela.got
 *(.rela.got)

.rel.bss
 *(.rel.bss)

.rela.bss
 *(.rela.bss)

.rel.plt
 *(.rel.plt)

.rela.plt
 *(.rela.plt)

.text           0x00000000      0xd96
 *(.vectors)
 .vectors       0x00000000       0x54 d:/es/embedded system/sdk/imt_sdk_win_64/winavr/bin/../lib/gcc/avr/4.3.3/../../../../avr/lib/avr5/crtm32.o
                0x00000000                __vectors
                0x00000000                __vector_default
 *(.vectors)
 *(.progmem.gcc*)
 *(.progmem*)
                0x00000054                . = ALIGN (0x2)
                0x00000054                __trampolines_start = .
 *(.trampolines)
 .trampolines   0x00000054        0x0 linker stubs
 *(.trampolines*)
                0x00000054                __trampolines_end = .
 *(.jumptables)
 *(.jumptables*)
 *(.lowtext)
 *(.lowtext*)
                0x00000054                __ctors_start = .
 *(.ctors)
                0x00000054                __ctors_end = .
                0x00000054                __dtors_start = .
 *(.dtors)
                0x00000054                __dtors_end = .
 SORT(*)(.ctors)
 SORT(*)(.dtors)
 *(.init0)
 .init0         0x00000054        0x0 d:/es/embedded system/sdk/imt_sdk_win_64/winavr/bin/../lib/gcc/avr/4.3.3/../../../../avr/lib/avr5/crtm32.o
                0x00000054                __init
 *(.init0)
 *(.init1)
 *(.init1)
 *(.init2)
 .init2         0x00000054        0xc d:/es/embedded system/sdk/imt_sdk_win_64/winavr/bin/../lib/gcc/avr/4.3.3/../../../../avr/lib/avr5/crtm32.o
 *(.init2)
 *(.init3)
 *(.init3)
 *(.init4)
 .init4         0x00000060       0x16 d:/es/embedded system/sdk/imt_sdk_win_64/winavr/bin/../lib/gcc/avr/4.3.3/avr5\libgcc.a(_copy_data.o)
                0x00000060                __do_copy_data
 .init4         0x00000076       0x10 d:/es/embedded system/sdk/imt_sdk_win_64/winavr/bin/../lib/gcc/avr/4.3.3/avr5\libgcc.a(_clear_bss.o)
                0x00000076                __do_clear_bss
 *(.init4)
 *(.init5)
 *(.init5)
 *(.init6)
 *(.init6)
 *(.init7)
 *(.init7)
 *(.init8)
 *(.init8)
 *(.init9)
 .init9         0x00000086        0x8 d:/es/embedded system/sdk/imt_sdk_win_64/winavr/bin/../lib/gcc/avr/4.3.3/../../../../avr/lib/avr5/crtm32.o
 *(.init9)
 *(.text)
 .text          0x0000008e        0x4 d:/es/embedded system/sdk/imt_sdk_win_64/winavr/bin/../lib/gcc/avr/4.3.3/../../../../avr/lib/avr5/crtm32.o
                0x0000008e                __vector_1
                0x0000008e                __vector_12
                0x0000008e                __bad_interrupt
                0x0000008e                __vector_6
                0x0000008e                __vector_3
                0x0000008e                __vector_11
                0x0000008e                __vector_17
                0x0000008e                __vector_19
                0x0000008e                __vector_7
                0x0000008e                __vector_5
                0x0000008e                __vector_4
                0x0000008e                __vector_9
                0x0000008e                __vector_2
                0x0000008e                __vector_8
                0x0000008e                __vector_10
                0x0000008e                __vector_16
                0x0000008e                __vector_18
                0x0000008e                __vector_20
 .text          0x00000092        0x0 ./UART_DRIV/UART_PROG.o
 .text          0x00000092        0x0 ./DIO/DIO_programe.o
 .text          0x00000092        0x0 ./BLUETOOTH_USERS/BLUETOOTH_USERS_program.o
 .text          0x00000092        0x0 ./main.o
 .text          0x00000092        0x0 d:/es/embedded system/sdk/imt_sdk_win_64/winavr/bin/../lib/gcc/avr/4.3.3/avr5\libgcc.a(_exit.o)
 .text          0x00000092        0x0 d:/es/embedded system/sdk/imt_sdk_win_64/winavr/bin/../lib/gcc/avr/4.3.3/avr5\libgcc.a(_copy_data.o)
 .text          0x00000092        0x0 d:/es/embedded system/sdk/imt_sdk_win_64/winavr/bin/../lib/gcc/avr/4.3.3/avr5\libgcc.a(_clear_bss.o)
 .text          0x00000092        0x0 d:/es/embedded system/sdk/imt_sdk_win_64/winavr/bin/../lib/gcc/avr/4.3.3/../../../../avr/lib/avr5\libc.a(strcmp.o)
                0x00000092                . = ALIGN (0x2)
 *(.text.*)
 .text.UART_Init
                0x00000092       0x72 ./UART_DRIV/UART_PROG.o
                0x00000092                UART_Init
 .text.USART_Transmit
                0x00000104       0x2e ./UART_DRIV/UART_PROG.o
                0x00000104                USART_Transmit
 .text.USART_Receive
                0x00000132       0x1e ./UART_DRIV/UART_PROG.o
                0x00000132                USART_Receive
 .text.USART_Flush
                0x00000150       0x26 ./UART_DRIV/UART_PROG.o
                0x00000150                USART_Flush
 .text.UART_ENABLE
                0x00000176        0xe ./UART_DRIV/UART_PROG.o
                0x00000176                UART_ENABLE
 .text.UART_DISABLE
                0x00000184        0xe ./UART_DRIV/UART_PROG.o
                0x00000184                UART_DISABLE
 .text.UART_SetBAUDRate
                0x00000192       0x18 ./UART_DRIV/UART_PROG.o
                0x00000192                UART_SetBAUDRate
 .text.__vector_13
                0x000001aa       0x66 ./UART_DRIV/UART_PROG.o
                0x000001aa                __vector_13
 .text.__vector_14
                0x00000210       0x66 ./UART_DRIV/UART_PROG.o
                0x00000210                __vector_14
 .text.__vector_15
                0x00000276       0x66 ./UART_DRIV/UART_PROG.o
                0x00000276                __vector_15
 .text.UART_SetCallBack
                0x000002dc       0x96 ./UART_DRIV/UART_PROG.o
                0x000002dc                UART_SetCallBack
 .text.UART_sendString
                0x00000372       0x56 ./UART_DRIV/UART_PROG.o
                0x00000372                UART_sendString
 .text.UART_rxstring
                0x000003c8       0x64 ./UART_DRIV/UART_PROG.o
                0x000003c8                UART_rxstring
 .text.UART_printString
                0x0000042c       0x3a ./UART_DRIV/UART_PROG.o
                0x0000042c                UART_printString
 .text.UART_compare_string
                0x00000466       0x52 ./UART_DRIV/UART_PROG.o
                0x00000466                UART_compare_string
 .text.UART_Get_UDR
                0x000004b8       0x14 ./UART_DRIV/UART_PROG.o
                0x000004b8                UART_Get_UDR
 .text.vDIO_SetPinDirection
                0x000004cc      0x200 ./DIO/DIO_programe.o
                0x000004cc                vDIO_SetPinDirection
 .text.vDIO_SetPortDirection
                0x000006cc       0x82 ./DIO/DIO_programe.o
                0x000006cc                vDIO_SetPortDirection
 .text.vDIO_SetPinValue
                0x0000074e      0x200 ./DIO/DIO_programe.o
                0x0000074e                vDIO_SetPinValue
 .text.vDIO_SetPortValue
                0x0000094e       0x82 ./DIO/DIO_programe.o
                0x0000094e                vDIO_SetPortValue
 .text.u8DIO_GetPinValue
                0x000009d0       0xf4 ./DIO/DIO_programe.o
                0x000009d0                u8DIO_GetPinValue
 .text.u8DIO_GetPortValue
                0x00000ac4       0x84 ./DIO/DIO_programe.o
                0x00000ac4                u8DIO_GetPortValue
 .text.DIO_toggle
                0x00000b48       0xfa ./DIO/DIO_programe.o
                0x00000b48                DIO_toggle
 .text.LED_ON   0x00000c42       0x20 ./BLUETOOTH_USERS/BLUETOOTH_USERS_program.o
                0x00000c42                LED_ON
 .text.LED_OFF  0x00000c62       0x20 ./BLUETOOTH_USERS/BLUETOOTH_USERS_program.o
                0x00000c62                LED_OFF
 .text.OPEN_THEDOOR
                0x00000c82       0x20 ./BLUETOOTH_USERS/BLUETOOTH_USERS_program.o
                0x00000c82                OPEN_THEDOOR
 .text.TURNON_BUZZER
                0x00000ca2       0x20 ./BLUETOOTH_USERS/BLUETOOTH_USERS_program.o
                0x00000ca2                TURNON_BUZZER
 .text.main     0x00000cc2       0xbe ./main.o
                0x00000cc2                main
 .text.libgcc   0x00000d80        0x0 d:/es/embedded system/sdk/imt_sdk_win_64/winavr/bin/../lib/gcc/avr/4.3.3/avr5\libgcc.a(_exit.o)
 .text.libgcc   0x00000d80        0x0 d:/es/embedded system/sdk/imt_sdk_win_64/winavr/bin/../lib/gcc/avr/4.3.3/avr5\libgcc.a(_copy_data.o)
 .text.libgcc   0x00000d80        0x0 d:/es/embedded system/sdk/imt_sdk_win_64/winavr/bin/../lib/gcc/avr/4.3.3/avr5\libgcc.a(_clear_bss.o)
 .text.avr-libc
                0x00000d80       0x12 d:/es/embedded system/sdk/imt_sdk_win_64/winavr/bin/../lib/gcc/avr/4.3.3/../../../../avr/lib/avr5\libc.a(strcmp.o)
                0x00000d80                strcmp
                0x00000d92                . = ALIGN (0x2)
 *(.fini9)
 .fini9         0x00000d92        0x0 d:/es/embedded system/sdk/imt_sdk_win_64/winavr/bin/../lib/gcc/avr/4.3.3/avr5\libgcc.a(_exit.o)
                0x00000d92                exit
                0x00000d92                _exit
 *(.fini9)
 *(.fini8)
 *(.fini8)
 *(.fini7)
 *(.fini7)
 *(.fini6)
 *(.fini6)
 *(.fini5)
 *(.fini5)
 *(.fini4)
 *(.fini4)
 *(.fini3)
 *(.fini3)
 *(.fini2)
 *(.fini2)
 *(.fini1)
 *(.fini1)
 *(.fini0)
 .fini0         0x00000d92        0x4 d:/es/embedded system/sdk/imt_sdk_win_64/winavr/bin/../lib/gcc/avr/4.3.3/avr5\libgcc.a(_exit.o)
 *(.fini0)
                0x00000d96                _etext = .

.data           0x00800060      0x28c load address 0x00000d96
                0x00800060                PROVIDE (__data_start, .)
 *(.data)
 .data          0x00800060        0x0 d:/es/embedded system/sdk/imt_sdk_win_64/winavr/bin/../lib/gcc/avr/4.3.3/../../../../avr/lib/avr5/crtm32.o
 .data          0x00800060       0x20 ./UART_DRIV/UART_PROG.o
 .data          0x00800080        0x0 ./DIO/DIO_programe.o
 .data          0x00800080       0x30 ./BLUETOOTH_USERS/BLUETOOTH_USERS_program.o
 .data          0x008000b0       0x20 ./main.o
 .data          0x008000d0        0x0 d:/es/embedded system/sdk/imt_sdk_win_64/winavr/bin/../lib/gcc/avr/4.3.3/avr5\libgcc.a(_exit.o)
 .data          0x008000d0        0x0 d:/es/embedded system/sdk/imt_sdk_win_64/winavr/bin/../lib/gcc/avr/4.3.3/avr5\libgcc.a(_copy_data.o)
 .data          0x008000d0        0x0 d:/es/embedded system/sdk/imt_sdk_win_64/winavr/bin/../lib/gcc/avr/4.3.3/avr5\libgcc.a(_clear_bss.o)
 .data          0x008000d0        0x0 d:/es/embedded system/sdk/imt_sdk_win_64/winavr/bin/../lib/gcc/avr/4.3.3/../../../../avr/lib/avr5\libc.a(strcmp.o)
 *(.data*)
 .data.user1    0x008000d0       0x36 ./BLUETOOTH_USERS/BLUETOOTH_USERS_program.o
                0x008000d0                user1
 .data.user2    0x00800106       0x36 ./BLUETOOTH_USERS/BLUETOOTH_USERS_program.o
                0x00800106                user2
 .data.user3    0x0080013c       0x36 ./BLUETOOTH_USERS/BLUETOOTH_USERS_program.o
                0x0080013c                user3
 .data.user4    0x00800172       0x36 ./BLUETOOTH_USERS/BLUETOOTH_USERS_program.o
                0x00800172                user4
 .data.user5    0x008001a8       0x36 ./BLUETOOTH_USERS/BLUETOOTH_USERS_program.o
                0x008001a8                user5
 .data.user6    0x008001de       0x36 ./BLUETOOTH_USERS/BLUETOOTH_USERS_program.o
                0x008001de                user6
 .data.user7    0x00800214       0x36 ./BLUETOOTH_USERS/BLUETOOTH_USERS_program.o
                0x00800214                user7
 .data.user8    0x0080024a       0x36 ./BLUETOOTH_USERS/BLUETOOTH_USERS_program.o
                0x0080024a                user8
 .data.user9    0x00800280       0x36 ./BLUETOOTH_USERS/BLUETOOTH_USERS_program.o
                0x00800280                user9
 .data.user10   0x008002b6       0x36 ./BLUETOOTH_USERS/BLUETOOTH_USERS_program.o
                0x008002b6                user10
 *(.rodata)
 *(.rodata*)
 *(.gnu.linkonce.d*)
                0x008002ec                . = ALIGN (0x2)
                0x008002ec                _edata = .
                0x008002ec                PROVIDE (__data_end, .)

.bss            0x008002ec        0xa
                0x008002ec                PROVIDE (__bss_start, .)
 *(.bss)
 .bss           0x008002ec        0x0 d:/es/embedded system/sdk/imt_sdk_win_64/winavr/bin/../lib/gcc/avr/4.3.3/../../../../avr/lib/avr5/crtm32.o
 .bss           0x008002ec        0x0 ./UART_DRIV/UART_PROG.o
 .bss           0x008002ec        0x0 ./DIO/DIO_programe.o
 .bss           0x008002ec        0x0 ./BLUETOOTH_USERS/BLUETOOTH_USERS_program.o
 .bss           0x008002ec        0x0 ./main.o
 .bss           0x008002ec        0x0 d:/es/embedded system/sdk/imt_sdk_win_64/winavr/bin/../lib/gcc/avr/4.3.3/avr5\libgcc.a(_exit.o)
 .bss           0x008002ec        0x0 d:/es/embedded system/sdk/imt_sdk_win_64/winavr/bin/../lib/gcc/avr/4.3.3/avr5\libgcc.a(_copy_data.o)
 .bss           0x008002ec        0x0 d:/es/embedded system/sdk/imt_sdk_win_64/winavr/bin/../lib/gcc/avr/4.3.3/avr5\libgcc.a(_clear_bss.o)
 .bss           0x008002ec        0x0 d:/es/embedded system/sdk/imt_sdk_win_64/winavr/bin/../lib/gcc/avr/4.3.3/../../../../avr/lib/avr5\libc.a(strcmp.o)
 *(.bss*)
 .bss.Global_UART_CallBack
                0x008002ec        0x6 ./UART_DRIV/UART_PROG.o
 .bss.f         0x008002f2        0x1 ./UART_DRIV/UART_PROG.o
                0x008002f2                f
 .bss.pass      0x008002f3        0x1 ./main.o
                0x008002f3                pass
 *(COMMON)
 COMMON         0x008002f4        0x2 ./BLUETOOTH_USERS/BLUETOOTH_USERS_program.o
                0x008002f4                i
                0x008002f5                s
                0x008002f6                PROVIDE (__bss_end, .)
                0x00000d96                __data_load_start = LOADADDR (.data)
                0x00001022                __data_load_end = (__data_load_start + SIZEOF (.data))

.noinit         0x008002f6        0x0
                0x008002f6                PROVIDE (__noinit_start, .)
 *(.noinit*)
                0x008002f6                PROVIDE (__noinit_end, .)
                0x008002f6                _end = .
                0x008002f6                PROVIDE (__heap_start, .)

.eeprom         0x00810000        0x0
 *(.eeprom*)
                0x00810000                __eeprom_end = .

.fuse
 *(.fuse)
 *(.lfuse)
 *(.hfuse)
 *(.efuse)

.lock
 *(.lock*)

.signature
 *(.signature*)

.stab           0x00000000     0x13f8
 *(.stab)
 .stab          0x00000000      0x6cc ./UART_DRIV/UART_PROG.o
 .stab          0x000006cc      0x5c4 ./DIO/DIO_programe.o
                                0x5d0 (size before relaxing)
 .stab          0x00000c90      0x48c ./BLUETOOTH_USERS/BLUETOOTH_USERS_program.o
                                0x498 (size before relaxing)
 .stab          0x0000111c      0x2dc ./main.o
                                0x30c (size before relaxing)

.stabstr        0x00000000      0xd5d
 *(.stabstr)
 .stabstr       0x00000000      0xd5d ./UART_DRIV/UART_PROG.o

.stab.excl
 *(.stab.excl)

.stab.exclstr
 *(.stab.exclstr)

.stab.index
 *(.stab.index)

.stab.indexstr
 *(.stab.indexstr)

.comment
 *(.comment)

.debug
 *(.debug)

.line
 *(.line)

.debug_srcinfo
 *(.debug_srcinfo)

.debug_sfnames
 *(.debug_sfnames)

.debug_aranges
 *(.debug_aranges)

.debug_pubnames
 *(.debug_pubnames)

.debug_info
 *(.debug_info)
 *(.gnu.linkonce.wi.*)

.debug_abbrev
 *(.debug_abbrev)

.debug_line
 *(.debug_line)

.debug_frame
 *(.debug_frame)

.debug_str
 *(.debug_str)

.debug_loc
 *(.debug_loc)

.debug_macinfo
 *(.debug_macinfo)
OUTPUT(BLUETOOTH_MODULE.elf elf32-avr)
LOAD linker stubs
