Archive member included because of file (symbol)

d:/es/embedded system/sdk/imt_sdk_win_64/winavr/bin/../lib/gcc/avr/4.3.3/avr5\libgcc.a(_exit.o)
                              d:/es/embedded system/sdk/imt_sdk_win_64/winavr/bin/../lib/gcc/avr/4.3.3/../../../../avr/lib/avr5/crtm32.o (exit)
d:/es/embedded system/sdk/imt_sdk_win_64/winavr/bin/../lib/gcc/avr/4.3.3/avr5\libgcc.a(_copy_data.o)
                              ./BLUETOOTH_USERS/BLUETOOTH_USERS_program.o (__do_copy_data)
d:/es/embedded system/sdk/imt_sdk_win_64/winavr/bin/../lib/gcc/avr/4.3.3/avr5\libgcc.a(_clear_bss.o)
                              ./UART_DRIV/UART_PROG.o (__do_clear_bss)
d:/es/embedded system/sdk/imt_sdk_win_64/winavr/bin/../lib/gcc/avr/4.3.3/../../../../avr/lib/avr5\libc.a(strcmp.o)
                              ./UART_DRIV/UART_PROG.o (strcmp)

Memory Configuration

Name             Origin             Length             Attributes
text             0x00000000         0x00020000         xr
data             0x00800060         0x0000ffa0         rw !x
eeprom           0x00810000         0x00010000         rw !x
fuse             0x00820000         0x00000400         rw !x
lock             0x00830000         0x00000400         rw !x
signature        0x00840000         0x00000400         rw !x
*default*        0x00000000         0xffffffff

Linker script and memory map

LOAD d:/es/embedded system/sdk/imt_sdk_win_64/winavr/bin/../lib/gcc/avr/4.3.3/../../../../avr/lib/avr5/crtm32.o
LOAD ./UART_DRIV/UART_PROG.o
LOAD ./DIO/DIO_programe.o
LOAD ./BLUETOOTH_USERS/BLUETOOTH_USERS_program.o
LOAD ./main.o
LOAD d:/es/embedded system/sdk/imt_sdk_win_64/winavr/bin/../lib/gcc/avr/4.3.3/avr5\libgcc.a
LOAD d:/es/embedded system/sdk/imt_sdk_win_64/winavr/bin/../lib/gcc/avr/4.3.3/../../../../avr/lib/avr5\libc.a
LOAD d:/es/embedded system/sdk/imt_sdk_win_64/winavr/bin/../lib/gcc/avr/4.3.3/avr5\libgcc.a

.hash
 *(.hash)

.dynsym
 *(.dynsym)

.dynstr
 *(.dynstr)

.gnu.version
 *(.gnu.version)

.gnu.version_d
 *(.gnu.version_d)

.gnu.version_r
 *(.gnu.version_r)

.rel.init
 *(.rel.init)

.rela.init
 *(.rela.init)

.rel.text
 *(.rel.text)
 *(.rel.text.*)
 *(.rel.gnu.linkonce.t*)

.rela.text
 *(.rela.text)
 *(.rela.text.*)
 *(.rela.gnu.linkonce.t*)

.rel.fini
 *(.rel.fini)

.rela.fini
 *(.rela.fini)

.rel.rodata
 *(.rel.rodata)
 *(.rel.rodata.*)
 *(.rel.gnu.linkonce.r*)

.rela.rodata
 *(.rela.rodata)
 *(.rela.rodata.*)
 *(.rela.gnu.linkonce.r*)

.rel.data
 *(.rel.data)
 *(.rel.data.*)
 *(.rel.gnu.linkonce.d*)

.rela.data
 *(.rela.data)
 *(.rela.data.*)
 *(.rela.gnu.linkonce.d*)

.rel.ctors
 *(.rel.ctors)

.rela.ctors
 *(.rela.ctors)

.rel.dtors
 *(.rel.dtors)

.rela.dtors
 *(.rela.dtors)

.rel.got
 *(.rel.got)

.rela.got
 *(.rela.got)

.rel.bss
 *(.rel.bss)

.rela.bss
 *(.rela.bss)

.rel.plt
 *(.rel.plt)

.rela.plt
 *(.rela.plt)

.text           0x00000000      0xac2
 *(.vectors)
 .vectors       0x00000000       0x54 d:/es/embedded system/sdk/imt_sdk_win_64/winavr/bin/../lib/gcc/avr/4.3.3/../../../../avr/lib/avr5/crtm32.o
                0x00000000                __vectors
                0x00000000                __vector_default
 *(.vectors)
 *(.progmem.gcc*)
 *(.progmem*)
                0x00000054                . = ALIGN (0x2)
                0x00000054                __trampolines_start = .
 *(.trampolines)
 .trampolines   0x00000054        0x0 linker stubs
 *(.trampolines*)
                0x00000054                __trampolines_end = .
 *(.jumptables)
 *(.jumptables*)
 *(.lowtext)
 *(.lowtext*)
                0x00000054                __ctors_start = .
 *(.ctors)
                0x00000054                __ctors_end = .
                0x00000054                __dtors_start = .
 *(.dtors)
                0x00000054                __dtors_end = .
 SORT(*)(.ctors)
 SORT(*)(.dtors)
 *(.init0)
 .init0         0x00000054        0x0 d:/es/embedded system/sdk/imt_sdk_win_64/winavr/bin/../lib/gcc/avr/4.3.3/../../../../avr/lib/avr5/crtm32.o
                0x00000054                __init
 *(.init0)
 *(.init1)
 *(.init1)
 *(.init2)
 .init2         0x00000054        0xc d:/es/embedded system/sdk/imt_sdk_win_64/winavr/bin/../lib/gcc/avr/4.3.3/../../../../avr/lib/avr5/crtm32.o
 *(.init2)
 *(.init3)
 *(.init3)
 *(.init4)
 .init4         0x00000060       0x16 d:/es/embedded system/sdk/imt_sdk_win_64/winavr/bin/../lib/gcc/avr/4.3.3/avr5\libgcc.a(_copy_data.o)
                0x00000060                __do_copy_data
 .init4         0x00000076       0x10 d:/es/embedded system/sdk/imt_sdk_win_64/winavr/bin/../lib/gcc/avr/4.3.3/avr5\libgcc.a(_clear_bss.o)
                0x00000076                __do_clear_bss
 *(.init4)
 *(.init5)
 *(.init5)
 *(.init6)
 *(.init6)
 *(.init7)
 *(.init7)
 *(.init8)
 *(.init8)
 *(.init9)
 .init9         0x00000086        0x8 d:/es/embedded system/sdk/imt_sdk_win_64/winavr/bin/../lib/gcc/avr/4.3.3/../../../../avr/lib/avr5/crtm32.o
 *(.init9)
 *(.text)
 .text          0x0000008e        0x4 d:/es/embedded system/sdk/imt_sdk_win_64/winavr/bin/../lib/gcc/avr/4.3.3/../../../../avr/lib/avr5/crtm32.o
                0x0000008e                __vector_1
                0x0000008e                __vector_12
                0x0000008e                __bad_interrupt
                0x0000008e                __vector_6
                0x0000008e                __vector_3
                0x0000008e                __vector_11
                0x0000008e                __vector_17
                0x0000008e                __vector_19
                0x0000008e                __vector_7
                0x0000008e                __vector_5
                0x0000008e                __vector_4
                0x0000008e                __vector_9
                0x0000008e                __vector_2
                0x0000008e                __vector_8
                0x0000008e                __vector_10
                0x0000008e                __vector_16
                0x0000008e                __vector_18
                0x0000008e                __vector_20
 .text          0x00000092        0x0 ./UART_DRIV/UART_PROG.o
 .text          0x00000092        0x0 ./DIO/DIO_programe.o
 .text          0x00000092        0x0 ./BLUETOOTH_USERS/BLUETOOTH_USERS_program.o
 .text          0x00000092        0x0 ./main.o
 .text          0x00000092        0x0 d:/es/embedded system/sdk/imt_sdk_win_64/winavr/bin/../lib/gcc/avr/4.3.3/avr5\libgcc.a(_exit.o)
 .text          0x00000092        0x0 d:/es/embedded system/sdk/imt_sdk_win_64/winavr/bin/../lib/gcc/avr/4.3.3/avr5\libgcc.a(_copy_data.o)
 .text          0x00000092        0x0 d:/es/embedded system/sdk/imt_sdk_win_64/winavr/bin/../lib/gcc/avr/4.3.3/avr5\libgcc.a(_clear_bss.o)
 .text          0x00000092        0x0 d:/es/embedded system/sdk/imt_sdk_win_64/winavr/bin/../lib/gcc/avr/4.3.3/../../../../avr/lib/avr5\libc.a(strcmp.o)
                0x00000092                . = ALIGN (0x2)
 *(.text.*)
 .text.UART_Init
                0x00000092       0x16 ./UART_DRIV/UART_PROG.o
                0x00000092                UART_Init
 .text.USART_Transmit
                0x000000a8        0x8 ./UART_DRIV/UART_PROG.o
                0x000000a8                USART_Transmit
 .text.USART_Receive
                0x000000b0        0x8 ./UART_DRIV/UART_PROG.o
                0x000000b0                USART_Receive
 .text.USART_Flush
                0x000000b8        0xa ./UART_DRIV/UART_PROG.o
                0x000000b8                USART_Flush
 .text.UART_ENABLE
                0x000000c2        0x2 ./UART_DRIV/UART_PROG.o
                0x000000c2                UART_ENABLE
 .text.UART_DISABLE
                0x000000c4        0x2 ./UART_DRIV/UART_PROG.o
                0x000000c4                UART_DISABLE
 .text.UART_SetBAUDRate
                0x000000c6        0x2 ./UART_DRIV/UART_PROG.o
                0x000000c6                UART_SetBAUDRate
 .text.__vector_13
                0x000000c8       0x52 ./UART_DRIV/UART_PROG.o
                0x000000c8                __vector_13
 .text.__vector_14
                0x0000011a       0x52 ./UART_DRIV/UART_PROG.o
                0x0000011a                __vector_14
 .text.__vector_15
                0x0000016c       0x52 ./UART_DRIV/UART_PROG.o
                0x0000016c                __vector_15
 .text.UART_SetCallBack
                0x000001be       0x2c ./UART_DRIV/UART_PROG.o
                0x000001be                UART_SetCallBack
 .text.UART_printString
                0x000001ea       0x14 ./UART_DRIV/UART_PROG.o
                0x000001ea                UART_printString
 .text.UART_recieve_string
                0x000001fe       0x20 ./UART_DRIV/UART_PROG.o
                0x000001fe                UART_recieve_string
 .text.UART_Get_UDR
                0x0000021e        0x4 ./UART_DRIV/UART_PROG.o
                0x0000021e                UART_Get_UDR
 .text.UART_compare_string
                0x00000222       0x10 ./UART_DRIV/UART_PROG.o
                0x00000222                UART_compare_string
 .text.vDIO_SetPinDirection
                0x00000232       0xe6 ./DIO/DIO_programe.o
                0x00000232                vDIO_SetPinDirection
 .text.vDIO_SetPortDirection
                0x00000318       0x22 ./DIO/DIO_programe.o
                0x00000318                vDIO_SetPortDirection
 .text.vDIO_SetPinValue
                0x0000033a       0xe6 ./DIO/DIO_programe.o
                0x0000033a                vDIO_SetPinValue
 .text.vDIO_SetPortValue
                0x00000420       0x22 ./DIO/DIO_programe.o
                0x00000420                vDIO_SetPortValue
 .text.u8DIO_GetPinValue
                0x00000442       0x40 ./DIO/DIO_programe.o
                0x00000442                u8DIO_GetPinValue
 .text.u8DIO_GetPortValue
                0x00000482       0x24 ./DIO/DIO_programe.o
                0x00000482                u8DIO_GetPortValue
 .text.DIO_toggle
                0x000004a6       0x6a ./DIO/DIO_programe.o
                0x000004a6                DIO_toggle
 .text.IDs_Check
                0x00000510      0x1f0 ./BLUETOOTH_USERS/BLUETOOTH_USERS_program.o
                0x00000510                IDs_Check
 .text.Users_Check
                0x00000700      0x102 ./BLUETOOTH_USERS/BLUETOOTH_USERS_program.o
                0x00000700                Users_Check
 .text.TURNOFF_FAN
                0x00000802       0x14 ./BLUETOOTH_USERS/BLUETOOTH_USERS_program.o
                0x00000802                TURNOFF_FAN
 .text.TURNON_FAN
                0x00000816       0x14 ./BLUETOOTH_USERS/BLUETOOTH_USERS_program.o
                0x00000816                TURNON_FAN
 .text.TURNOFF_BUZZER
                0x0000082a       0x14 ./BLUETOOTH_USERS/BLUETOOTH_USERS_program.o
                0x0000082a                TURNOFF_BUZZER
 .text.TURNON_BUZZER
                0x0000083e       0x14 ./BLUETOOTH_USERS/BLUETOOTH_USERS_program.o
                0x0000083e                TURNON_BUZZER
 .text.CLOSE_THEDOOR
                0x00000852       0x14 ./BLUETOOTH_USERS/BLUETOOTH_USERS_program.o
                0x00000852                CLOSE_THEDOOR
 .text.OPEN_THEDOOR
                0x00000866       0x14 ./BLUETOOTH_USERS/BLUETOOTH_USERS_program.o
                0x00000866                OPEN_THEDOOR
 .text.LED_OFF  0x0000087a       0x14 ./BLUETOOTH_USERS/BLUETOOTH_USERS_program.o
                0x0000087a                LED_OFF
 .text.LED_ON   0x0000088e       0x14 ./BLUETOOTH_USERS/BLUETOOTH_USERS_program.o
                0x0000088e                LED_ON
 .text.Menu     0x000008a2      0x13a ./BLUETOOTH_USERS/BLUETOOTH_USERS_program.o
                0x000008a2                Menu
 .text.Bluetooth_PassCheck3times
                0x000009dc       0x50 ./BLUETOOTH_USERS/BLUETOOTH_USERS_program.o
                0x000009dc                Bluetooth_PassCheck3times
 .text.main     0x00000a2c       0x80 ./main.o
                0x00000a2c                main
 .text.libgcc   0x00000aac        0x0 d:/es/embedded system/sdk/imt_sdk_win_64/winavr/bin/../lib/gcc/avr/4.3.3/avr5\libgcc.a(_exit.o)
 .text.libgcc   0x00000aac        0x0 d:/es/embedded system/sdk/imt_sdk_win_64/winavr/bin/../lib/gcc/avr/4.3.3/avr5\libgcc.a(_copy_data.o)
 .text.libgcc   0x00000aac        0x0 d:/es/embedded system/sdk/imt_sdk_win_64/winavr/bin/../lib/gcc/avr/4.3.3/avr5\libgcc.a(_clear_bss.o)
 .text.avr-libc
                0x00000aac       0x12 d:/es/embedded system/sdk/imt_sdk_win_64/winavr/bin/../lib/gcc/avr/4.3.3/../../../../avr/lib/avr5\libc.a(strcmp.o)
                0x00000aac                strcmp
                0x00000abe                . = ALIGN (0x2)
 *(.fini9)
 .fini9         0x00000abe        0x0 d:/es/embedded system/sdk/imt_sdk_win_64/winavr/bin/../lib/gcc/avr/4.3.3/avr5\libgcc.a(_exit.o)
                0x00000abe                exit
                0x00000abe                _exit
 *(.fini9)
 *(.fini8)
 *(.fini8)
 *(.fini7)
 *(.fini7)
 *(.fini6)
 *(.fini6)
 *(.fini5)
 *(.fini5)
 *(.fini4)
 *(.fini4)
 *(.fini3)
 *(.fini3)
 *(.fini2)
 *(.fini2)
 *(.fini1)
 *(.fini1)
 *(.fini0)
 .fini0         0x00000abe        0x4 d:/es/embedded system/sdk/imt_sdk_win_64/winavr/bin/../lib/gcc/avr/4.3.3/avr5\libgcc.a(_exit.o)
 *(.fini0)
                0x00000ac2                _etext = .

.data           0x00800060      0x3b4 load address 0x00000ac2
                0x00800060                PROVIDE (__data_start, .)
 *(.data)
 .data          0x00800060        0x0 d:/es/embedded system/sdk/imt_sdk_win_64/winavr/bin/../lib/gcc/avr/4.3.3/../../../../avr/lib/avr5/crtm32.o
 .data          0x00800060        0x0 ./UART_DRIV/UART_PROG.o
 .data          0x00800060        0x0 ./DIO/DIO_programe.o
 .data          0x00800060      0x373 ./BLUETOOTH_USERS/BLUETOOTH_USERS_program.o
 .data          0x008003d3       0x41 ./main.o
 .data          0x00800414        0x0 d:/es/embedded system/sdk/imt_sdk_win_64/winavr/bin/../lib/gcc/avr/4.3.3/avr5\libgcc.a(_exit.o)
 .data          0x00800414        0x0 d:/es/embedded system/sdk/imt_sdk_win_64/winavr/bin/../lib/gcc/avr/4.3.3/avr5\libgcc.a(_copy_data.o)
 .data          0x00800414        0x0 d:/es/embedded system/sdk/imt_sdk_win_64/winavr/bin/../lib/gcc/avr/4.3.3/avr5\libgcc.a(_clear_bss.o)
 .data          0x00800414        0x0 d:/es/embedded system/sdk/imt_sdk_win_64/winavr/bin/../lib/gcc/avr/4.3.3/../../../../avr/lib/avr5\libc.a(strcmp.o)
 *(.data*)
 *(.rodata)
 *(.rodata*)
 *(.gnu.linkonce.d*)
                0x00800414                . = ALIGN (0x2)
                0x00800414                _edata = .
                0x00800414                PROVIDE (__data_end, .)

.bss            0x00800414        0x8
                0x00800414                PROVIDE (__bss_start, .)
 *(.bss)
 .bss           0x00800414        0x0 d:/es/embedded system/sdk/imt_sdk_win_64/winavr/bin/../lib/gcc/avr/4.3.3/../../../../avr/lib/avr5/crtm32.o
 .bss           0x00800414        0x0 ./UART_DRIV/UART_PROG.o
 .bss           0x00800414        0x0 ./DIO/DIO_programe.o
 .bss           0x00800414        0x0 ./BLUETOOTH_USERS/BLUETOOTH_USERS_program.o
 .bss           0x00800414        0x0 ./main.o
 .bss           0x00800414        0x0 d:/es/embedded system/sdk/imt_sdk_win_64/winavr/bin/../lib/gcc/avr/4.3.3/avr5\libgcc.a(_exit.o)
 .bss           0x00800414        0x0 d:/es/embedded system/sdk/imt_sdk_win_64/winavr/bin/../lib/gcc/avr/4.3.3/avr5\libgcc.a(_copy_data.o)
 .bss           0x00800414        0x0 d:/es/embedded system/sdk/imt_sdk_win_64/winavr/bin/../lib/gcc/avr/4.3.3/avr5\libgcc.a(_clear_bss.o)
 .bss           0x00800414        0x0 d:/es/embedded system/sdk/imt_sdk_win_64/winavr/bin/../lib/gcc/avr/4.3.3/../../../../avr/lib/avr5\libc.a(strcmp.o)
 *(.bss*)
 .bss.f         0x00800414        0x1 ./UART_DRIV/UART_PROG.o
                0x00800414                f
 .bss.Global_UART_CallBack
                0x00800415        0x6 ./UART_DRIV/UART_PROG.o
 .bss.flag      0x0080041b        0x1 ./BLUETOOTH_USERS/BLUETOOTH_USERS_program.o
                0x0080041b                flag
 *(COMMON)
                0x0080041c                PROVIDE (__bss_end, .)
                0x00000ac2                __data_load_start = LOADADDR (.data)
                0x00000e76                __data_load_end = (__data_load_start + SIZEOF (.data))

.noinit         0x0080041c        0x0
                0x0080041c                PROVIDE (__noinit_start, .)
 *(.noinit*)
                0x0080041c                PROVIDE (__noinit_end, .)
                0x0080041c                _end = .
                0x0080041c                PROVIDE (__heap_start, .)

.eeprom         0x00810000        0x0
 *(.eeprom*)
                0x00810000                __eeprom_end = .

.fuse
 *(.fuse)
 *(.lfuse)
 *(.hfuse)
 *(.efuse)

.lock
 *(.lock*)

.signature
 *(.signature*)

.stab
 *(.stab)

.stabstr
 *(.stabstr)

.stab.excl
 *(.stab.excl)

.stab.exclstr
 *(.stab.exclstr)

.stab.index
 *(.stab.index)

.stab.indexstr
 *(.stab.indexstr)

.comment
 *(.comment)

.debug
 *(.debug)

.line
 *(.line)

.debug_srcinfo
 *(.debug_srcinfo)

.debug_sfnames
 *(.debug_sfnames)

.debug_aranges
 *(.debug_aranges)

.debug_pubnames
 *(.debug_pubnames)

.debug_info
 *(.debug_info)
 *(.gnu.linkonce.wi.*)

.debug_abbrev
 *(.debug_abbrev)

.debug_line
 *(.debug_line)

.debug_frame
 *(.debug_frame)

.debug_str
 *(.debug_str)

.debug_loc
 *(.debug_loc)

.debug_macinfo
 *(.debug_macinfo)
OUTPUT(BLUETOOTH_MODULE.elf elf32-avr)
LOAD linker stubs
